#
# There is insufficient memory for the Java Runtime Environment to continue.
# Native memory allocation (malloc) failed to allocate 1803488 bytes. Error detail: Chunk::new
# Possible reasons:
#   The system is out of physical RAM or swap space
#   This process is running with CompressedOops enabled, and the Java Heap may be blocking the growth of the native heap
# Possible solutions:
#   Reduce memory load on the system
#   Increase physical memory or swap space
#   Check if swap backing store is full
#   Decrease Java heap size (-Xmx/-Xms)
#   Decrease number of Java threads
#   Decrease Java thread stack sizes (-Xss)
#   Set larger code cache with -XX:ReservedCodeCacheSize=
#   JVM is running with Unscaled Compressed Oops mode in which the Java heap is
#     placed in the first 4GB address space. The Java Heap base address is the
#     maximum limit for the native heap growth. Please use -XX:HeapBaseMinAddress
#     to set the Java Heap base and to place the Java Heap above 4GB virtual address.
# This output file may be truncated or incomplete.
#
#  Out of Memory Error (arena.cpp:168), pid=12452, tid=13212
#
# JRE version: OpenJDK Runtime Environment Temurin-21.0.11+10 (21.0.11+10) (build 21.0.11+10-LTS)
# Java VM: OpenJDK 64-Bit Server VM Temurin-21.0.11+10 (21.0.11+10-LTS, mixed mode, sharing, tiered, compressed oops, compressed class ptrs, parallel gc, windows-amd64)
# No core dump will be written. Minidumps are not enabled by default on client versions of Windows
#

---------------  S U M M A R Y ------------

Command Line: --add-modules=ALL-SYSTEM --add-opens=java.base/java.util=ALL-UNNAMED --add-opens=java.base/java.lang=ALL-UNNAMED --add-opens=java.base/sun.nio.fs=ALL-UNNAMED -Declipse.application=org.eclipse.jdt.ls.core.id1 -Dosgi.bundles.defaultStartLevel=4 -Declipse.product=org.eclipse.jdt.ls.core.product -Djava.import.generatesMetadataFilesAtProjectRoot=false -DDetectVMInstallationsJob.disabled=true -Dfile.encoding=utf8 -XX:+UseParallelGC -XX:GCTimeRatio=4 -XX:AdaptiveSizePolicyWeight=90 -Dsun.zip.disableMemoryMapping=true -Xmx2G -Xms100m -Xlog:disable -javaagent:c:\Users\sksha\.antigravity-ide\extensions\redhat.java-1.55.0-win32-x64\lombok\lombok-1.18.39-4050.jar -XX:+HeapDumpOnOutOfMemoryError -XX:HeapDumpPath=c:\Users\sksha\AppData\Roaming\Antigravity IDE\User\workspaceStorage\9d70f369d7fa704f1e0b6dd719013e07\redhat.java -Daether.dependencyCollector.impl=bf c:\Users\sksha\.antigravity-ide\extensions\redhat.java-1.55.0-win32-x64\server\plugins\org.eclipse.equinox.launcher_1.7.200.v20260619-2039.jar -configuration c:\Users\sksha\AppData\Roaming\Antigravity IDE\User\globalStorage\redhat.java\1.55.0\config_win -data c:\Users\sksha\AppData\Roaming\Antigravity IDE\User\workspaceStorage\9d70f369d7fa704f1e0b6dd719013e07\redhat.java\jdt_ws --pipe=\\.\pipe\lsp-e9ecbceaab569c4ec8b4ab5c8772c01c-sock

Host: Intel(R) Core(TM) i3-8145U CPU @ 2.10GHz, 4 cores, 7G,  Windows 11 , 64 bit Build 26100 (10.0.26100.7309)
Time: Wed Aug 12 23:12:49 2026 India Standard Time elapsed time: 51.000805 seconds (0d 0h 0m 51s)

---------------  T H R E A D  ---------------

Current thread (0x00000286feee6de0):  JavaThread "C2 CompilerThread0" daemon [_thread_in_native, id=13212, stack(0x000000d0e5f00000,0x000000d0e6000000) (1024K)]


Current CompileTask:
C2:51000 4342   !   4       org.eclipse.osgi.internal.loader.classpath.ClasspathManager::findClassImpl (328 bytes)

Stack: [0x000000d0e5f00000,0x000000d0e6000000]
Native frames: (J=compiled Java code, j=interpreted, Vv=VM code, C=native code)
V  [jvm.dll+0x6d7e19]
V  [jvm.dll+0x8b5096]
V  [jvm.dll+0x8b764e]
V  [jvm.dll+0x8b7d33]
V  [jvm.dll+0x284596]
V  [jvm.dll+0xc685d]
V  [jvm.dll+0xc6da1]
V  [jvm.dll+0x3bed6b]
V  [jvm.dll+0x38b2b2]
V  [jvm.dll+0x38a6fa]
V  [jvm.dll+0x24c700]
V  [jvm.dll+0x24bce0]
V  [jvm.dll+0x1cb4ae]
V  [jvm.dll+0x25baad]
V  [jvm.dll+0x25a03a]
V  [jvm.dll+0x3f868e]
V  [jvm.dll+0x85fb0d]
V  [jvm.dll+0x6d664d]
C  [ucrtbase.dll+0x37b0]
C  [KERNEL32.DLL+0x2e8d7]
C  [ntdll.dll+0x8c53c]


---------------  P R O C E S S  ---------------

Threads class SMR info:
_java_thread_list=0x00000286cb658df0, length=32, elements={
0x00000286ea7dd3d0, 0x00000286ea89d040, 0x00000286feedff60, 0x00000286feee2110,
0x00000286feee40d0, 0x00000286feee50f0, 0x00000286feee5b50, 0x00000286feee6de0,
0x00000286fef4de20, 0x00000286c913b9c0, 0x00000286c92af760, 0x00000286c9a13030,
0x00000286c9c5ff10, 0x00000286c9c60580, 0x00000286fef8fe20, 0x00000286c941b1b0,
0x00000286c9c5c2f0, 0x00000286c926e680, 0x00000286ca1d3500, 0x00000286ca1d1ac0,
0x00000286ca1d27e0, 0x00000286ca1d2150, 0x00000286ca1d2e70, 0x00000286cb65a020,
0x00000286ca1d0080, 0x00000286ca1d0710, 0x00000286ca1d0da0, 0x00000286cc2ce640,
0x00000286cc2cf360, 0x00000286cc2ccc00, 0x00000286cc2cd290, 0x00000286cc2cd920
}
_to_delete_list=0x00000286cb3d0fd0
Skipping _to_delete_list fields and contents for safety.

Java Threads: ( => current thread )
  0x00000286ea7dd3d0 JavaThread "main"                              [_thread_in_native, id=6104, stack(0x000000d0e5500000,0x000000d0e5600000) (1024K)]
  0x00000286ea89d040 JavaThread "Reference Handler"          daemon [_thread_blocked, id=7840, stack(0x000000d0e5900000,0x000000d0e5a00000) (1024K)]
  0x00000286feedff60 JavaThread "Finalizer"                  daemon [_thread_blocked, id=11648, stack(0x000000d0e5a00000,0x000000d0e5b00000) (1024K)]
  0x00000286feee2110 JavaThread "Signal Dispatcher"          daemon [_thread_blocked, id=14612, stack(0x000000d0e5b00000,0x000000d0e5c00000) (1024K)]
  0x00000286feee40d0 JavaThread "Attach Listener"            daemon [_thread_blocked, id=476, stack(0x000000d0e5c00000,0x000000d0e5d00000) (1024K)]
  0x00000286feee50f0 JavaThread "Service Thread"             daemon [_thread_blocked, id=3304, stack(0x000000d0e5d00000,0x000000d0e5e00000) (1024K)]
  0x00000286feee5b50 JavaThread "Monitor Deflation Thread"   daemon [_thread_blocked, id=2868, stack(0x000000d0e5e00000,0x000000d0e5f00000) (1024K)]
=>0x00000286feee6de0 JavaThread "C2 CompilerThread0"         daemon [_thread_in_native, id=13212, stack(0x000000d0e5f00000,0x000000d0e6000000) (1024K)]
  0x00000286fef4de20 JavaThread "C1 CompilerThread0"         daemon [_thread_blocked, id=3196, stack(0x000000d0e6000000,0x000000d0e6100000) (1024K)]
  0x00000286c913b9c0 JavaThread "Common-Cleaner"             daemon [_thread_blocked, id=7772, stack(0x000000d0e6100000,0x000000d0e6200000) (1024K)]
  0x00000286c92af760 JavaThread "Notification Thread"        daemon [_thread_blocked, id=10164, stack(0x000000d0e6200000,0x000000d0e6300000) (1024K)]
  0x00000286c9a13030 JavaThread "Active Thread: Equinox Container: 15481621-d90f-4fec-9d69-cd52365f7293"        [_thread_blocked, id=13000, stack(0x000000d0e6300000,0x000000d0e6400000) (1024K)]
  0x00000286c9c5ff10 JavaThread "Refresh Thread: Equinox Container: 15481621-d90f-4fec-9d69-cd52365f7293" daemon [_thread_blocked, id=13596, stack(0x000000d0e6700000,0x000000d0e6800000) (1024K)]
  0x00000286c9c60580 JavaThread "Framework Event Dispatcher: Equinox Container: 15481621-d90f-4fec-9d69-cd52365f7293" daemon [_thread_blocked, id=14896, stack(0x000000d0e6800000,0x000000d0e6900000) (1024K)]
  0x00000286fef8fe20 JavaThread "Start Level: Equinox Container: 15481621-d90f-4fec-9d69-cd52365f7293" daemon [_thread_blocked, id=7952, stack(0x000000d0e6900000,0x000000d0e6a00000) (1024K)]
  0x00000286c941b1b0 JavaThread "Bundle File Closer"         daemon [_thread_blocked, id=16300, stack(0x000000d0e6a00000,0x000000d0e6b00000) (1024K)]
  0x00000286c9c5c2f0 JavaThread "SCR Component Actor"        daemon [_thread_blocked, id=17736, stack(0x000000d0e6b00000,0x000000d0e6c00000) (1024K)]
  0x00000286c926e680 JavaThread "Worker-JM"                         [_thread_blocked, id=7540, stack(0x000000d0e6d00000,0x000000d0e6e00000) (1024K)]
  0x00000286ca1d3500 JavaThread "Worker-0: Updating Maven Dependencies"        [_thread_blocked, id=18184, stack(0x000000d0e6c00000,0x000000d0e6d00000) (1024K)]
  0x00000286ca1d1ac0 JavaThread "Worker-1: Repository registry initialization"        [_thread_blocked, id=13456, stack(0x000000d0e6e00000,0x000000d0e6f00000) (1024K)]
  0x00000286ca1d27e0 JavaThread "Worker-2: Initialize After Load"        [_thread_blocked, id=18168, stack(0x000000d0e7000000,0x000000d0e7100000) (1024K)]
  0x00000286ca1d2150 JavaThread "Java indexing"              daemon [_thread_blocked, id=17924, stack(0x000000d0e7100000,0x000000d0e7200000) (1024K)]
  0x00000286ca1d2e70 JavaThread "Worker-3: Loading available Gradle versions"        [_thread_blocked, id=4476, stack(0x000000d0e7200000,0x000000d0e7300000) (1024K)]
  0x00000286cb65a020 JavaThread "C2 CompilerThread1"         daemon [_thread_in_native, id=15064, stack(0x000000d0e6f00000,0x000000d0e7000000) (1024K)]
  0x00000286ca1d0080 JavaThread "JNA Cleaner"                daemon [_thread_blocked, id=13064, stack(0x000000d0e7300000,0x000000d0e7400000) (1024K)]
  0x00000286ca1d0710 JavaThread "Worker-4"                          [_thread_blocked, id=15476, stack(0x000000d0e7600000,0x000000d0e7700000) (1024K)]
  0x00000286ca1d0da0 JavaThread "Worker-5"                          [_thread_blocked, id=5044, stack(0x000000d0e7700000,0x000000d0e7800000) (1024K)]
  0x00000286cc2ce640 JavaThread "Thread-1"                   daemon [_thread_blocked, id=15040, stack(0x000000d0e7800000,0x000000d0e7900000) (1024K)]
  0x00000286cc2cf360 JavaThread "Thread-2"                   daemon [_thread_blocked, id=11476, stack(0x000000d0e7900000,0x000000d0e7a00000) (1024K)]
  0x00000286cc2ccc00 JavaThread "Thread-3"                   daemon [_thread_blocked, id=11492, stack(0x000000d0e7a00000,0x000000d0e7b00000) (1024K)]
  0x00000286cc2cd290 JavaThread "Thread-4"                   daemon [_thread_blocked, id=9308, stack(0x000000d0e7b00000,0x000000d0e7c00000) (1024K)]
  0x00000286cc2cd920 JavaThread "Thread-5"                   daemon [_thread_blocked, id=3524, stack(0x000000d0e7c00000,0x000000d0e7d00000) (1024K)]
Total: 32

Other Threads:
  0x00000286feedee70 VMThread "VM Thread"                           [id=7564, stack(0x000000d0e5800000,0x000000d0e5900000) (1024K)] _threads_hazard_ptr=0x00000286cb658df0
  0x00000286fee7ca00 WatcherThread "VM Periodic Task Thread"        [id=3996, stack(0x000000d0e5700000,0x000000d0e5800000) (1024K)]
  0x00000286ea7fb9d0 WorkerThread "GC Thread#0"                     [id=9432, stack(0x000000d0e5600000,0x000000d0e5700000) (1024K)]
  0x00000286c9440250 WorkerThread "GC Thread#1"                     [id=11288, stack(0x000000d0e6400000,0x000000d0e6500000) (1024K)]
  0x00000286c97851a0 WorkerThread "GC Thread#2"                     [id=15232, stack(0x000000d0e6500000,0x000000d0e6600000) (1024K)]
  0x00000286c9785550 WorkerThread "GC Thread#3"                     [id=8388, stack(0x000000d0e6600000,0x000000d0e6700000) (1024K)]
Total: 6

Threads with active compile tasks:
C2 CompilerThread0  51141 4342   !   4       org.eclipse.osgi.internal.loader.classpath.ClasspathManager::findClassImpl (328 bytes)
C2 CompilerThread1  51141 4829       4       org.eclipse.osgi.internal.loader.BundleLoader::addExportedProvidersFor (167 bytes)
Total: 2

VM state: synchronizing (normal execution)

VM Mutex/Monitor currently owned by a thread:  ([mutex/lock_event])
[0x00007ffe6b9ff570] Threads_lock - owner thread: 0x00000286feedee70
[0x00007ffe6b9ff670] Heap_lock - owner thread: 0x00000286ca1d1ac0

Heap address: 0x0000000080000000, size: 2048 MB, Compressed Oops mode: 32-bit

CDS archive(s) mapped at: [0x0000028684000000-0x0000028684ba0000-0x0000028684ba0000), size 12189696, SharedBaseAddress: 0x0000028684000000, ArchiveRelocationMode: 1.
Compressed class space mapped at: 0x0000028685000000-0x00000286c5000000, reserved size: 1073741824
Narrow klass base: 0x0000028684000000, Narrow klass shift: 0, Narrow klass range: 0x100000000

GC Precious Log:
 CardTable entry size: 512
 CPUs: 4 total, 4 available
 Memory: 8044M
 Large Page Support: Disabled
 NUMA Support: Disabled
 Compressed Oops: Enabled (32-bit)
 Alignments: Space 512K, Generation 512K, Heap 2M
 Heap Min Capacity: 100M
 Heap Initial Capacity: 100M
 Heap Max Capacity: 2G
 Pre-touch: Disabled
 Parallel Workers: 4

Heap:
 PSYoungGen      total 23552K, used 18009K [0x00000000d5580000, 0x00000000d7100000, 0x0000000100000000)
  eden space 22016K, 77% used [0x00000000d5580000,0x00000000d660fbd8,0x00000000d6b00000)
  from space 1536K, 68% used [0x00000000d6e80000,0x00000000d6f86968,0x00000000d7000000)
  to   space 1024K, 0% used [0x00000000d7000000,0x00000000d7000000,0x00000000d7100000)
 ParOldGen       total 68608K, used 16588K [0x0000000080000000, 0x0000000084300000, 0x00000000d5580000)
  object space 68608K, 24% used [0x0000000080000000,0x00000000810332d8,0x0000000084300000)
 Metaspace       used 34832K, committed 35840K, reserved 1114112K
  class space    used 3615K, committed 4032K, reserved 1048576K

Card table byte_map: [0x00000286fe2b0000,0x00000286fe6c0000] _byte_map_base: 0x00000286fdeb0000

Marking Bits: (ParMarkBitMap*) 0x00007ffe6ba04460
 Begin Bits: [0x0000028680000000, 0x0000028682000000)
 End Bits:   [0x0000028682000000, 0x0000028684000000)

Polling page: 0x00000286ef0a0000

Metaspace:

Usage:
  Non-class:     30.49 MB used.
      Class:      3.53 MB used.
       Both:     34.02 MB used.

Virtual space:
  Non-class space:       64.00 MB reserved,      31.06 MB ( 49%) committed,  1 nodes.
      Class space:        1.00 GB reserved,       3.94 MB ( <1%) committed,  1 nodes.
             Both:        1.06 GB reserved,      35.00 MB (  3%) committed. 

Chunk freelists:
   Non-Class:  16.00 MB
       Class:  12.06 MB
        Both:  28.06 MB

MaxMetaspaceSize: unlimited
CompressedClassSpaceSize: 1.00 GB
Initial GC threshold: 21.00 MB
Current GC threshold: 35.00 MB
CDS: on
 - commit_granule_bytes: 65536.
 - commit_granule_words: 8192.
 - virtual_space_node_default_size: 8388608.
 - enlarge_chunks_in_place: 1.
 - use_allocation_guard: 0.


Internal statistics:

num_allocs_failed_limit: 5.
num_arena_births: 718.
num_arena_deaths: 14.
num_vsnodes_births: 2.
num_vsnodes_deaths: 0.
num_space_committed: 560.
num_space_uncommitted: 0.
num_chunks_returned_to_freelist: 19.
num_chunks_taken_from_freelist: 2138.
num_chunk_merges: 9.
num_chunk_splits: 1361.
num_chunks_enlarged: 838.
num_inconsistent_stats: 0.

CodeHeap 'non-profiled nmethods': size=120000Kb used=2344Kb max_used=2344Kb free=117655Kb
 bounds [0x00000286f6b90000, 0x00000286f6e00000, 0x00000286fe0c0000]
CodeHeap 'profiled nmethods': size=120000Kb used=10400Kb max_used=10400Kb free=109599Kb
 bounds [0x00000286ef0c0000, 0x00000286efaf0000, 0x00000286f65f0000]
CodeHeap 'non-nmethods': size=5760Kb used=1349Kb max_used=1374Kb free=4410Kb
 bounds [0x00000286f65f0000, 0x00000286f6860000, 0x00000286f6b90000]
CodeCache: size=245760Kb, used=14093Kb, max_used=14118Kb, free=231664Kb
 total_blobs=5496, nmethods=4852, adapters=550, full_count=0
Compilation: enabled, stopped_count=0, restarted_count=0

Compilation events (20 events):
Event: 50.974 Thread 0x00000286fef4de20 nmethod 4802 0x00000286efacee90 code [0x00000286efacf040, 0x00000286efacf158]
Event: 50.980 Thread 0x00000286fef4de20 4803       3       java.lang.Class::newReflectionData (66 bytes)
Event: 50.981 Thread 0x00000286fef4de20 nmethod 4803 0x00000286efacf210 code [0x00000286efacf440, 0x00000286efacfc90]
Event: 50.981 Thread 0x00000286fef4de20 4804       3       java.lang.Class::getAnnotation (22 bytes)
Event: 50.982 Thread 0x00000286fef4de20 nmethod 4804 0x00000286efacff90 code [0x00000286efad0180, 0x00000286efad0600]
Event: 50.985 Thread 0x00000286fef4de20 4805       3       sun.reflect.generics.parser.SignatureParser::parseFieldTypeSignature (6 bytes)
Event: 50.986 Thread 0x00000286fef4de20 nmethod 4805 0x00000286efad0790 code [0x00000286efad0940, 0x00000286efad0a80]
Event: 50.986 Thread 0x00000286cb65a020 nmethod 4795 0x00000286f6dd4f10 code [0x00000286f6dd5100, 0x00000286f6dd58c0]
Event: 50.986 Thread 0x00000286cb65a020 4729       4       java.util.Collections$UnmodifiableMap::getOrDefault (12 bytes)
Event: 50.990 Thread 0x00000286fef4de20 4806       3       java.util.concurrent.atomic.AtomicInteger::decrementAndGet (14 bytes)
Event: 50.990 Thread 0x00000286fef4de20 nmethod 4806 0x00000286efad0b10 code [0x00000286efad0ca0, 0x00000286efad0dc0]
Event: 50.994 Thread 0x00000286cb65a020 nmethod 4729 0x00000286f6dd5c90 code [0x00000286f6dd5e60, 0x00000286f6dd6228]
Event: 50.994 Thread 0x00000286cb65a020 4777   !   4       org.eclipse.osgi.internal.framework.EquinoxContainer::getServiceRegistry (17 bytes)
Event: 50.996 Thread 0x00000286fef4de20 4807       3       com.google.inject.Key::get (12 bytes)
Event: 50.996 Thread 0x00000286cb65a020 nmethod 4777 0x00000286f6dd6590 code [0x00000286f6dd6720, 0x00000286f6dd6920]
Event: 50.996 Thread 0x00000286cb65a020 4797       4       java.nio.HeapByteBuffer::byteOffset (7 bytes)
Event: 50.996 Thread 0x00000286cb65a020 nmethod 4797 0x00000286f6dd6a10 code [0x00000286f6dd6ba0, 0x00000286f6dd6c30]
Event: 50.996 Thread 0x00000286fef4de20 nmethod 4807 0x00000286efad0e90 code [0x00000286efad1080, 0x00000286efad1578]
Event: 50.998 Thread 0x00000286cb65a020 4808       4       sun.reflect.generics.parser.SignatureParser::advance (53 bytes)
Event: 50.999 Thread 0x00000286fef4de20 4809   !   3       sun.reflect.generics.factory.CoreReflectionFactory::makeNamedType (21 bytes)

GC Heap History (20 events):
Event: 46.920 GC heap before
{Heap before GC invocations=5 (full 0):
 PSYoungGen      total 29696K, used 29694K [0x00000000d5580000, 0x00000000d7680000, 0x0000000100000000)
  eden space 25600K, 100% used [0x00000000d5580000,0x00000000d6e80000,0x00000000d6e80000)
  from space 4096K, 99% used [0x00000000d7280000,0x00000000d767f810,0x00000000d7680000)
  to   space 4096K, 0% used [0x00000000d6e80000,0x00000000d6e80000,0x00000000d7280000)
 ParOldGen       total 68608K, used 6460K [0x0000000080000000, 0x0000000084300000, 0x00000000d5580000)
  object space 68608K, 9% used [0x0000000080000000,0x000000008064f040,0x0000000084300000)
 Metaspace       used 15017K, committed 15552K, reserved 1114112K
  class space    used 1535K, committed 1792K, reserved 1048576K
}
Event: 46.929 GC heap after
{Heap after GC invocations=5 (full 0):
 PSYoungGen      total 29184K, used 4081K [0x00000000d5580000, 0x00000000d7a00000, 0x0000000100000000)
  eden space 25088K, 0% used [0x00000000d5580000,0x00000000d5580000,0x00000000d6e00000)
  from space 4096K, 99% used [0x00000000d6e80000,0x00000000d727c4c8,0x00000000d7280000)
  to   space 6144K, 0% used [0x00000000d7400000,0x00000000d7400000,0x00000000d7a00000)
 ParOldGen       total 68608K, used 7803K [0x0000000080000000, 0x0000000084300000, 0x00000000d5580000)
  object space 68608K, 11% used [0x0000000080000000,0x000000008079ec60,0x0000000084300000)
 Metaspace       used 15017K, committed 15552K, reserved 1114112K
  class space    used 1535K, committed 1792K, reserved 1048576K
}
Event: 47.829 GC heap before
{Heap before GC invocations=6 (full 0):
 PSYoungGen      total 29184K, used 29124K [0x00000000d5580000, 0x00000000d7a00000, 0x0000000100000000)
  eden space 25088K, 99% used [0x00000000d5580000,0x00000000d6df4b48,0x00000000d6e00000)
  from space 4096K, 99% used [0x00000000d6e80000,0x00000000d727c4c8,0x00000000d7280000)
  to   space 6144K, 0% used [0x00000000d7400000,0x00000000d7400000,0x00000000d7a00000)
 ParOldGen       total 68608K, used 7803K [0x0000000080000000, 0x0000000084300000, 0x00000000d5580000)
  object space 68608K, 11% used [0x0000000080000000,0x000000008079ec60,0x0000000084300000)
 Metaspace       used 17993K, committed 18688K, reserved 1114112K
  class space    used 1870K, committed 2176K, reserved 1048576K
}
Event: 47.836 GC heap after
{Heap after GC invocations=6 (full 0):
 PSYoungGen      total 29696K, used 4922K [0x00000000d5580000, 0x00000000d7900000, 0x0000000100000000)
  eden space 24576K, 0% used [0x00000000d5580000,0x00000000d5580000,0x00000000d6d80000)
  from space 5120K, 96% used [0x00000000d7400000,0x00000000d78cea20,0x00000000d7900000)
  to   space 5632K, 0% used [0x00000000d6e00000,0x00000000d6e00000,0x00000000d7380000)
 ParOldGen       total 68608K, used 7811K [0x0000000080000000, 0x0000000084300000, 0x00000000d5580000)
  object space 68608K, 11% used [0x0000000080000000,0x00000000807a0c60,0x0000000084300000)
 Metaspace       used 17993K, committed 18688K, reserved 1114112K
  class space    used 1870K, committed 2176K, reserved 1048576K
}
Event: 48.486 GC heap before
{Heap before GC invocations=7 (full 0):
 PSYoungGen      total 29696K, used 29498K [0x00000000d5580000, 0x00000000d7900000, 0x0000000100000000)
  eden space 24576K, 100% used [0x00000000d5580000,0x00000000d6d80000,0x00000000d6d80000)
  from space 5120K, 96% used [0x00000000d7400000,0x00000000d78cea20,0x00000000d7900000)
  to   space 5632K, 0% used [0x00000000d6e00000,0x00000000d6e00000,0x00000000d7380000)
 ParOldGen       total 68608K, used 7811K [0x0000000080000000, 0x0000000084300000, 0x00000000d5580000)
  object space 68608K, 11% used [0x0000000080000000,0x00000000807a0c60,0x0000000084300000)
 Metaspace       used 20602K, committed 21376K, reserved 1114112K
  class space    used 2141K, committed 2496K, reserved 1048576K
}
Event: 48.495 GC heap after
{Heap after GC invocations=7 (full 0):
 PSYoungGen      total 28160K, used 3931K [0x00000000d5580000, 0x00000000d7600000, 0x0000000100000000)
  eden space 24064K, 0% used [0x00000000d5580000,0x00000000d5580000,0x00000000d6d00000)
  from space 4096K, 95% used [0x00000000d6e00000,0x00000000d71d6fa0,0x00000000d7200000)
  to   space 4096K, 0% used [0x00000000d7200000,0x00000000d7200000,0x00000000d7600000)
 ParOldGen       total 68608K, used 9307K [0x0000000080000000, 0x0000000084300000, 0x00000000d5580000)
  object space 68608K, 13% used [0x0000000080000000,0x0000000080916c20,0x0000000084300000)
 Metaspace       used 20602K, committed 21376K, reserved 1114112K
  class space    used 2141K, committed 2496K, reserved 1048576K
}
Event: 48.502 GC heap before
{Heap before GC invocations=8 (full 0):
 PSYoungGen      total 28160K, used 4585K [0x00000000d5580000, 0x00000000d7600000, 0x0000000100000000)
  eden space 24064K, 2% used [0x00000000d5580000,0x00000000d5623528,0x00000000d6d00000)
  from space 4096K, 95% used [0x00000000d6e00000,0x00000000d71d6fa0,0x00000000d7200000)
  to   space 4096K, 0% used [0x00000000d7200000,0x00000000d7200000,0x00000000d7600000)
 ParOldGen       total 68608K, used 9307K [0x0000000080000000, 0x0000000084300000, 0x00000000d5580000)
  object space 68608K, 13% used [0x0000000080000000,0x0000000080916c20,0x0000000084300000)
 Metaspace       used 20735K, committed 21504K, reserved 1114112K
  class space    used 2149K, committed 2496K, reserved 1048576K
}
Event: 48.506 GC heap after
{Heap after GC invocations=8 (full 0):
 PSYoungGen      total 28160K, used 3688K [0x00000000d5580000, 0x00000000d7600000, 0x0000000100000000)
  eden space 24064K, 0% used [0x00000000d5580000,0x00000000d5580000,0x00000000d6d00000)
  from space 4096K, 90% used [0x00000000d7200000,0x00000000d759a370,0x00000000d7600000)
  to   space 4096K, 0% used [0x00000000d6e00000,0x00000000d6e00000,0x00000000d7200000)
 ParOldGen       total 68608K, used 9737K [0x0000000080000000, 0x0000000084300000, 0x00000000d5580000)
  object space 68608K, 14% used [0x0000000080000000,0x00000000809827e8,0x0000000084300000)
 Metaspace       used 20735K, committed 21504K, reserved 1114112K
  class space    used 2149K, committed 2496K, reserved 1048576K
}
Event: 48.506 GC heap before
{Heap before GC invocations=9 (full 1):
 PSYoungGen      total 28160K, used 3688K [0x00000000d5580000, 0x00000000d7600000, 0x0000000100000000)
  eden space 24064K, 0% used [0x00000000d5580000,0x00000000d5580000,0x00000000d6d00000)
  from space 4096K, 90% used [0x00000000d7200000,0x00000000d759a370,0x00000000d7600000)
  to   space 4096K, 0% used [0x00000000d6e00000,0x00000000d6e00000,0x00000000d7200000)
 ParOldGen       total 68608K, used 9737K [0x0000000080000000, 0x0000000084300000, 0x00000000d5580000)
  object space 68608K, 14% used [0x0000000080000000,0x00000000809827e8,0x0000000084300000)
 Metaspace       used 20735K, committed 21504K, reserved 1114112K
  class space    used 2149K, committed 2496K, reserved 1048576K
}
Event: 48.579 GC heap after
{Heap after GC invocations=9 (full 1):
 PSYoungGen      total 28160K, used 0K [0x00000000d5580000, 0x00000000d7600000, 0x0000000100000000)
  eden space 24064K, 0% used [0x00000000d5580000,0x00000000d5580000,0x00000000d6d00000)
  from space 4096K, 0% used [0x00000000d7200000,0x00000000d7200000,0x00000000d7600000)
  to   space 4096K, 0% used [0x00000000d6e00000,0x00000000d6e00000,0x00000000d7200000)
 ParOldGen       total 68608K, used 12953K [0x0000000080000000, 0x0000000084300000, 0x00000000d5580000)
  object space 68608K, 18% used [0x0000000080000000,0x0000000080ca66c8,0x0000000084300000)
 Metaspace       used 20722K, committed 21504K, reserved 1114112K
  class space    used 2145K, committed 2496K, reserved 1048576K
}
Event: 48.908 GC heap before
{Heap before GC invocations=10 (full 1):
 PSYoungGen      total 28160K, used 24064K [0x00000000d5580000, 0x00000000d7600000, 0x0000000100000000)
  eden space 24064K, 100% used [0x00000000d5580000,0x00000000d6d00000,0x00000000d6d00000)
  from space 4096K, 0% used [0x00000000d7200000,0x00000000d7200000,0x00000000d7600000)
  to   space 4096K, 0% used [0x00000000d6e00000,0x00000000d6e00000,0x00000000d7200000)
 ParOldGen       total 68608K, used 12953K [0x0000000080000000, 0x0000000084300000, 0x00000000d5580000)
  object space 68608K, 18% used [0x0000000080000000,0x0000000080ca66c8,0x0000000084300000)
 Metaspace       used 23219K, committed 24064K, reserved 1114112K
  class space    used 2302K, committed 2688K, reserved 1048576K
}
Event: 48.910 GC heap after
{Heap after GC invocations=10 (full 1):
 PSYoungGen      total 24064K, used 192K [0x00000000d5580000, 0x00000000d7280000, 0x0000000100000000)
  eden space 23552K, 0% used [0x00000000d5580000,0x00000000d5580000,0x00000000d6c80000)
  from space 512K, 37% used [0x00000000d6e00000,0x00000000d6e30000,0x00000000d6e80000)
  to   space 1536K, 0% used [0x00000000d7100000,0x00000000d7100000,0x00000000d7280000)
 ParOldGen       total 68608K, used 12961K [0x0000000080000000, 0x0000000084300000, 0x00000000d5580000)
  object space 68608K, 18% used [0x0000000080000000,0x0000000080ca86c8,0x0000000084300000)
 Metaspace       used 23219K, committed 24064K, reserved 1114112K
  class space    used 2302K, committed 2688K, reserved 1048576K
}
Event: 49.174 GC heap before
{Heap before GC invocations=11 (full 1):
 PSYoungGen      total 24064K, used 23744K [0x00000000d5580000, 0x00000000d7280000, 0x0000000100000000)
  eden space 23552K, 100% used [0x00000000d5580000,0x00000000d6c80000,0x00000000d6c80000)
  from space 512K, 37% used [0x00000000d6e00000,0x00000000d6e30000,0x00000000d6e80000)
  to   space 1536K, 0% used [0x00000000d7100000,0x00000000d7100000,0x00000000d7280000)
 ParOldGen       total 68608K, used 12961K [0x0000000080000000, 0x0000000084300000, 0x00000000d5580000)
  object space 68608K, 18% used [0x0000000080000000,0x0000000080ca86c8,0x0000000084300000)
 Metaspace       used 25511K, committed 26304K, reserved 1114112K
  class space    used 2482K, committed 2880K, reserved 1048576K
}
Event: 49.177 GC heap after
{Heap after GC invocations=11 (full 1):
 PSYoungGen      total 24576K, used 1275K [0x00000000d5580000, 0x00000000d7280000, 0x0000000100000000)
  eden space 23040K, 0% used [0x00000000d5580000,0x00000000d5580000,0x00000000d6c00000)
  from space 1536K, 83% used [0x00000000d7100000,0x00000000d723eda0,0x00000000d7280000)
  to   space 1536K, 0% used [0x00000000d6f80000,0x00000000d6f80000,0x00000000d7100000)
 ParOldGen       total 68608K, used 13750K [0x0000000080000000, 0x0000000084300000, 0x00000000d5580000)
  object space 68608K, 20% used [0x0000000080000000,0x0000000080d6dbd8,0x0000000084300000)
 Metaspace       used 25511K, committed 26304K, reserved 1114112K
  class space    used 2482K, committed 2880K, reserved 1048576K
}
Event: 49.984 GC heap before
{Heap before GC invocations=12 (full 1):
 PSYoungGen      total 24576K, used 24315K [0x00000000d5580000, 0x00000000d7280000, 0x0000000100000000)
  eden space 23040K, 100% used [0x00000000d5580000,0x00000000d6c00000,0x00000000d6c00000)
  from space 1536K, 83% used [0x00000000d7100000,0x00000000d723eda0,0x00000000d7280000)
  to   space 1536K, 0% used [0x00000000d6f80000,0x00000000d6f80000,0x00000000d7100000)
 ParOldGen       total 68608K, used 13750K [0x0000000080000000, 0x0000000084300000, 0x00000000d5580000)
  object space 68608K, 20% used [0x0000000080000000,0x0000000080d6dbd8,0x0000000084300000)
 Metaspace       used 27534K, committed 28480K, reserved 1114112K
  class space    used 2722K, committed 3136K, reserved 1048576K
}
Event: 49.988 GC heap after
{Heap after GC invocations=12 (full 1):
 PSYoungGen      total 23552K, used 1007K [0x00000000d5580000, 0x00000000d7180000, 0x0000000100000000)
  eden space 22528K, 0% used [0x00000000d5580000,0x00000000d5580000,0x00000000d6b80000)
  from space 1024K, 98% used [0x00000000d6f80000,0x00000000d707be70,0x00000000d7080000)
  to   space 1024K, 0% used [0x00000000d7080000,0x00000000d7080000,0x00000000d7180000)
 ParOldGen       total 68608K, used 14870K [0x0000000080000000, 0x0000000084300000, 0x00000000d5580000)
  object space 68608K, 21% used [0x0000000080000000,0x0000000080e859b0,0x0000000084300000)
 Metaspace       used 27534K, committed 28480K, reserved 1114112K
  class space    used 2722K, committed 3136K, reserved 1048576K
}
Event: 50.405 GC heap before
{Heap before GC invocations=13 (full 1):
 PSYoungGen      total 23552K, used 23535K [0x00000000d5580000, 0x00000000d7180000, 0x0000000100000000)
  eden space 22528K, 100% used [0x00000000d5580000,0x00000000d6b80000,0x00000000d6b80000)
  from space 1024K, 98% used [0x00000000d6f80000,0x00000000d707be70,0x00000000d7080000)
  to   space 1024K, 0% used [0x00000000d7080000,0x00000000d7080000,0x00000000d7180000)
 ParOldGen       total 68608K, used 14870K [0x0000000080000000, 0x0000000084300000, 0x00000000d5580000)
  object space 68608K, 21% used [0x0000000080000000,0x0000000080e859b0,0x0000000084300000)
 Metaspace       used 31025K, committed 31936K, reserved 1114112K
  class space    used 3144K, committed 3520K, reserved 1048576K
}
Event: 50.409 GC heap after
{Heap after GC invocations=13 (full 1):
 PSYoungGen      total 23040K, used 1021K [0x00000000d5580000, 0x00000000d7180000, 0x0000000100000000)
  eden space 22016K, 0% used [0x00000000d5580000,0x00000000d5580000,0x00000000d6b00000)
  from space 1024K, 99% used [0x00000000d7080000,0x00000000d717f470,0x00000000d7180000)
  to   space 1536K, 0% used [0x00000000d6e80000,0x00000000d6e80000,0x00000000d7000000)
 ParOldGen       total 68608K, used 15759K [0x0000000080000000, 0x0000000084300000, 0x00000000d5580000)
  object space 68608K, 22% used [0x0000000080000000,0x0000000080f63e68,0x0000000084300000)
 Metaspace       used 31025K, committed 31936K, reserved 1114112K
  class space    used 3144K, committed 3520K, reserved 1048576K
}
Event: 50.881 GC heap before
{Heap before GC invocations=14 (full 1):
 PSYoungGen      total 23040K, used 23037K [0x00000000d5580000, 0x00000000d7180000, 0x0000000100000000)
  eden space 22016K, 100% used [0x00000000d5580000,0x00000000d6b00000,0x00000000d6b00000)
  from space 1024K, 99% used [0x00000000d7080000,0x00000000d717f470,0x00000000d7180000)
  to   space 1536K, 0% used [0x00000000d6e80000,0x00000000d6e80000,0x00000000d7000000)
 ParOldGen       total 68608K, used 15759K [0x0000000080000000, 0x0000000084300000, 0x00000000d5580000)
  object space 68608K, 22% used [0x0000000080000000,0x0000000080f63e68,0x0000000084300000)
 Metaspace       used 33075K, committed 34176K, reserved 1114112K
  class space    used 3384K, committed 3840K, reserved 1048576K
}
Event: 50.887 GC heap after
{Heap after GC invocations=14 (full 1):
 PSYoungGen      total 23552K, used 1050K [0x00000000d5580000, 0x00000000d7100000, 0x0000000100000000)
  eden space 22016K, 0% used [0x00000000d5580000,0x00000000d5580000,0x00000000d6b00000)
  from space 1536K, 68% used [0x00000000d6e80000,0x00000000d6f86968,0x00000000d7000000)
  to   space 1024K, 0% used [0x00000000d7000000,0x00000000d7000000,0x00000000d7100000)
 ParOldGen       total 68608K, used 16588K [0x0000000080000000, 0x0000000084300000, 0x00000000d5580000)
  object space 68608K, 24% used [0x0000000080000000,0x00000000810332d8,0x0000000084300000)
 Metaspace       used 33075K, committed 34176K, reserved 1114112K
  class space    used 3384K, committed 3840K, reserved 1048576K
}

Dll operation events (12 events):
Event: 0.030 Loaded shared library c:\Users\sksha\.antigravity-ide\extensions\redhat.java-1.55.0-win32-x64\jre\21.0.11-win32-x86_64\bin\java.dll
Event: 0.276 Loaded shared library c:\Users\sksha\.antigravity-ide\extensions\redhat.java-1.55.0-win32-x64\jre\21.0.11-win32-x86_64\bin\zip.dll
Event: 0.315 Loaded shared library C:\Users\sksha\.antigravity-ide\extensions\redhat.java-1.55.0-win32-x64\jre\21.0.11-win32-x86_64\bin\instrument.dll
Event: 0.324 Loaded shared library C:\Users\sksha\.antigravity-ide\extensions\redhat.java-1.55.0-win32-x64\jre\21.0.11-win32-x86_64\bin\net.dll
Event: 0.328 Loaded shared library C:\Users\sksha\.antigravity-ide\extensions\redhat.java-1.55.0-win32-x64\jre\21.0.11-win32-x86_64\bin\nio.dll
Event: 0.334 Loaded shared library C:\Users\sksha\.antigravity-ide\extensions\redhat.java-1.55.0-win32-x64\jre\21.0.11-win32-x86_64\bin\zip.dll
Event: 0.373 Loaded shared library C:\Users\sksha\.antigravity-ide\extensions\redhat.java-1.55.0-win32-x64\jre\21.0.11-win32-x86_64\bin\jimage.dll
Event: 0.641 Loaded shared library c:\Users\sksha\.antigravity-ide\extensions\redhat.java-1.55.0-win32-x64\jre\21.0.11-win32-x86_64\bin\verify.dll
Event: 29.141 Loaded shared library C:\Users\sksha\AppData\Roaming\Antigravity IDE\User\globalStorage\redhat.java\1.55.0\config_win\org.eclipse.equinox.launcher\org.eclipse.equinox.launcher.win32.win32.x86_64_1.3.100.v20260613-0559\eclipse_11924.dll
Event: 47.021 Loaded shared library C:\Users\sksha\.antigravity-ide\extensions\redhat.java-1.55.0-win32-x64\jre\21.0.11-win32-x86_64\bin\management.dll
Event: 47.028 Loaded shared library C:\Users\sksha\.antigravity-ide\extensions\redhat.java-1.55.0-win32-x64\jre\21.0.11-win32-x86_64\bin\management_ext.dll
Event: 50.680 Loaded shared library C:\Users\sksha\AppData\Local\Temp\jna-109506388\jna4002492961136465304.dll

Deoptimization events (20 events):
Event: 50.764 Thread 0x00000286fef8fe20 Uncommon trap: trap_request=0xffffff45 fr.pc=0x00000286f6cd5500 relative=0x00000000000003a0
Event: 50.764 Thread 0x00000286fef8fe20 Uncommon trap: reason=unstable_if action=reinterpret pc=0x00000286f6cd5500 method=java.lang.Integer.parseInt(Ljava/lang/String;I)I @ 119 c2
Event: 50.764 Thread 0x00000286fef8fe20 DEOPT PACKING pc=0x00000286f6cd5500 sp=0x000000d0e69fcd60
Event: 50.764 Thread 0x00000286fef8fe20 DEOPT UNPACKING pc=0x00000286f6643aa2 sp=0x000000d0e69fccc8 mode 2
Event: 50.800 Thread 0x00000286fef8fe20 Uncommon trap: trap_request=0xffffffc6 fr.pc=0x00000286f6d2038c relative=0x00000000000001ac
Event: 50.800 Thread 0x00000286fef8fe20 Uncommon trap: reason=bimorphic_or_optimized_type_check action=maybe_recompile pc=0x00000286f6d2038c method=java.util.Collections$UnmodifiableList.get(I)Ljava/lang/Object; @ 5 c2
Event: 50.800 Thread 0x00000286fef8fe20 DEOPT PACKING pc=0x00000286f6d2038c sp=0x000000d0e69fc810
Event: 50.800 Thread 0x00000286fef8fe20 DEOPT UNPACKING pc=0x00000286f6643aa2 sp=0x000000d0e69fc7a8 mode 2
Event: 50.800 Thread 0x00000286fef8fe20 Uncommon trap: trap_request=0xffffffc6 fr.pc=0x00000286f6d2038c relative=0x00000000000001ac
Event: 50.800 Thread 0x00000286fef8fe20 Uncommon trap: reason=bimorphic_or_optimized_type_check action=maybe_recompile pc=0x00000286f6d2038c method=java.util.Collections$UnmodifiableList.get(I)Ljava/lang/Object; @ 5 c2
Event: 50.800 Thread 0x00000286fef8fe20 DEOPT PACKING pc=0x00000286f6d2038c sp=0x000000d0e69fc810
Event: 50.800 Thread 0x00000286fef8fe20 DEOPT UNPACKING pc=0x00000286f6643aa2 sp=0x000000d0e69fc7a8 mode 2
Event: 50.800 Thread 0x00000286fef8fe20 Uncommon trap: trap_request=0xffffffc6 fr.pc=0x00000286f6d2038c relative=0x00000000000001ac
Event: 50.800 Thread 0x00000286fef8fe20 Uncommon trap: reason=bimorphic_or_optimized_type_check action=maybe_recompile pc=0x00000286f6d2038c method=java.util.Collections$UnmodifiableList.get(I)Ljava/lang/Object; @ 5 c2
Event: 50.800 Thread 0x00000286fef8fe20 DEOPT PACKING pc=0x00000286f6d2038c sp=0x000000d0e69fc810
Event: 50.800 Thread 0x00000286fef8fe20 DEOPT UNPACKING pc=0x00000286f6643aa2 sp=0x000000d0e69fc7a8 mode 2
Event: 50.800 Thread 0x00000286fef8fe20 Uncommon trap: trap_request=0xffffffc6 fr.pc=0x00000286f6d2038c relative=0x00000000000001ac
Event: 50.800 Thread 0x00000286fef8fe20 Uncommon trap: reason=bimorphic_or_optimized_type_check action=maybe_recompile pc=0x00000286f6d2038c method=java.util.Collections$UnmodifiableList.get(I)Ljava/lang/Object; @ 5 c2
Event: 50.800 Thread 0x00000286fef8fe20 DEOPT PACKING pc=0x00000286f6d2038c sp=0x000000d0e69fc810
Event: 50.800 Thread 0x00000286fef8fe20 DEOPT UNPACKING pc=0x00000286f6643aa2 sp=0x000000d0e69fc7a8 mode 2

Classes loaded (20 events):
Event: 50.960 Loading class javax/net/ssl/HostnameVerifier done
Event: 50.960 Loading class javax/net/ssl/HttpsURLConnection$DefaultHostnameVerifier done
Event: 50.960 Loading class javax/net/ssl/SSLSocketFactory
Event: 50.960 Loading class javax/net/SocketFactory
Event: 50.961 Loading class javax/net/SocketFactory done
Event: 50.961 Loading class javax/net/ssl/SSLSocketFactory done
Event: 50.961 Loading class javax/net/ssl/SSLSocketFactory$DefaultFactoryHolder
Event: 50.961 Loading class javax/net/ssl/SSLSocketFactory$DefaultFactoryHolder done
Event: 50.962 Loading class javax/net/ssl/SSLContext
Event: 50.962 Loading class javax/net/ssl/SSLContext done
Event: 50.963 Loading class javax/net/ssl/SSLContextSpi
Event: 50.963 Loading class javax/net/ssl/SSLContextSpi done
Event: 50.963 Loading class sun/security/jca/ProviderConfig$3
Event: 50.964 Loading class sun/security/jca/ProviderConfig$3 done
Event: 50.964 Loading class sun/security/jca/ProviderConfig$ProviderLoader
Event: 50.965 Loading class sun/security/jca/ProviderConfig$ProviderLoader done
Event: 50.970 Loading class java/security/InvalidParameterException
Event: 50.971 Loading class java/security/InvalidParameterException done
Event: 50.971 Loading class java/security/ProviderException
Event: 50.971 Loading class java/security/ProviderException done

Classes unloaded (7 events):
Event: 48.517 Thread 0x00000286feedee70 Unloading class 0x00000286851c2800 'java/lang/invoke/LambdaForm$MH+0x00000286851c2800'
Event: 48.517 Thread 0x00000286feedee70 Unloading class 0x00000286851c2400 'java/lang/invoke/LambdaForm$MH+0x00000286851c2400'
Event: 48.517 Thread 0x00000286feedee70 Unloading class 0x00000286851c2000 'java/lang/invoke/LambdaForm$MH+0x00000286851c2000'
Event: 48.517 Thread 0x00000286feedee70 Unloading class 0x00000286851c1c00 'java/lang/invoke/LambdaForm$MH+0x00000286851c1c00'
Event: 48.517 Thread 0x00000286feedee70 Unloading class 0x00000286851c1800 'java/lang/invoke/LambdaForm$BMH+0x00000286851c1800'
Event: 48.517 Thread 0x00000286feedee70 Unloading class 0x00000286851c1400 'java/lang/invoke/LambdaForm$DMH+0x00000286851c1400'
Event: 48.517 Thread 0x00000286feedee70 Unloading class 0x00000286851c0000 'java/lang/invoke/LambdaForm$DMH+0x00000286851c0000'

Classes redefined (0 events):
No events

Internal exceptions (20 events):
Event: 49.438 Thread 0x00000286ca1d3500 Exception <a 'java/lang/NoSuchMethodError'{0x00000000d63c7028}: 'java.lang.Object java.lang.invoke.DirectMethodHandle$Holder.invokeStatic(java.lang.Object, int, java.lang.Object, java.lang.Object)'> (0x00000000d63c7028) 
thrown [s\src\hotspot\share\interpreter\linkResolver.cpp, line 773]
Event: 49.438 Thread 0x00000286ca1d3500 Exception <a 'java/lang/NoSuchMethodError'{0x00000000d63caa98}: 'java.lang.Object java.lang.invoke.DelegatingMethodHandle$Holder.delegate(java.lang.Object, int, java.lang.Object, java.lang.Object)'> (0x00000000d63caa98) 
thrown [s\src\hotspot\share\interpreter\linkResolver.cpp, line 773]
Event: 49.446 Thread 0x00000286ca1d3500 Exception <a 'java/lang/NoSuchMethodError'{0x00000000d63de5c0}: 'int java.lang.invoke.Invokers$Holder.linkToTargetMethod(java.lang.Object, java.lang.Object, java.lang.Object)'> (0x00000000d63de5c0) 
thrown [s\src\hotspot\share\interpreter\linkResolver.cpp, line 773]
Event: 49.478 Thread 0x00000286ca1d1ac0 Exception <a 'java/lang/NoSuchMethodError'{0x00000000d64e4088}: 'java.lang.Object java.lang.invoke.DirectMethodHandle$Holder.invokeSpecialIFC(java.lang.Object, java.lang.Object, java.lang.Object, java.lang.Object)'> (0x00000000d64e4088) 
thrown [s\src\hotspot\share\interpreter\linkResolver.cpp, line 773]
Event: 50.014 Thread 0x00000286fef8fe20 Exception <a 'java/lang/NoSuchMethodError'{0x00000000d56b05d8}: 'java.lang.Object java.lang.invoke.DirectMethodHandle$Holder.invokeStaticInit(java.lang.Object, int, int, int, int)'> (0x00000000d56b05d8) 
thrown [s\src\hotspot\share\interpreter\linkResolver.cpp, line 773]
Event: 50.069 Thread 0x00000286fef8fe20 Exception <a 'java/lang/NoSuchMethodError'{0x00000000d598b740}: 'java.lang.Object java.lang.invoke.DirectMethodHandle$Holder.invokeStaticInit(java.lang.Object, java.lang.Object, int, int, int, int)'> (0x00000000d598b740) 
thrown [s\src\hotspot\share\interpreter\linkResolver.cpp, line 773]
Event: 50.165 Thread 0x00000286fef8fe20 Exception <a 'sun/nio/fs/WindowsException'{0x00000000d5fd6fc0}> (0x00000000d5fd6fc0) 
thrown [s\src\hotspot\share\prims\jni.cpp, line 520]
Event: 50.165 Thread 0x00000286fef8fe20 Exception <a 'sun/nio/fs/WindowsException'{0x00000000d5fdacb8}> (0x00000000d5fdacb8) 
thrown [s\src\hotspot\share\prims\jni.cpp, line 520]
Event: 50.170 Thread 0x00000286fef8fe20 Exception <a 'sun/nio/fs/WindowsException'{0x00000000d5fe84f8}> (0x00000000d5fe84f8) 
thrown [s\src\hotspot\share\prims\jni.cpp, line 520]
Event: 50.293 Thread 0x00000286fef8fe20 Exception <a 'java/lang/ClassNotFoundException'{0x00000000d65fe898}: com/sun/org/apache/xml/internal/serializer/spi/XMLEntitiesProvider> (0x00000000d65fe898) 
thrown [s\src\hotspot\share\classfile\systemDictionary.cpp, line 313]
Event: 50.324 Thread 0x00000286ca1d1ac0 Exception <a 'java/lang/NoClassDefFoundError'{0x00000000d67cd720}: javax/enterprise/inject/Typed> (0x00000000d67cd720) 
thrown [s\src\hotspot\share\classfile\systemDictionary.cpp, line 302]
Event: 50.489 Thread 0x00000286fef8fe20 Exception <a 'java/io/FileNotFoundException'{0x00000000d5934d18}> (0x00000000d5934d18) 
thrown [s\src\hotspot\share\prims\jni.cpp, line 520]
Event: 50.756 Thread 0x00000286fef8fe20 Exception <a 'java/lang/UnsatisfiedLinkError'{0x00000000d6379fa0}: The specified procedure could not be found.
> (0x00000000d6379fa0) 
thrown [s\src\hotspot\share\prims\jni.cpp, line 539]
Event: 50.763 Thread 0x00000286fef8fe20 Exception <a 'java/io/FileNotFoundException'{0x00000000d63a2318}> (0x00000000d63a2318) 
thrown [s\src\hotspot\share\prims\jni.cpp, line 520]
Event: 50.785 Thread 0x00000286fef8fe20 Exception <a 'java/io/FileNotFoundException'{0x00000000d64c7c90}> (0x00000000d64c7c90) 
thrown [s\src\hotspot\share\prims\jni.cpp, line 520]
Event: 50.802 Thread 0x00000286fef8fe20 Exception <a 'java/lang/NoSuchMethodError'{0x00000000d66681f0}: 'void java.lang.invoke.DirectMethodHandle$Holder.invokeSpecial(java.lang.Object, java.lang.Object, java.lang.Object, int)'> (0x00000000d66681f0) 
thrown [s\src\hotspot\share\interpreter\linkResolver.cpp, line 773]
Event: 50.803 Thread 0x00000286fef8fe20 Exception <a 'java/lang/NoSuchMethodError'{0x00000000d666b8c0}: 'void java.lang.invoke.DelegatingMethodHandle$Holder.reinvoke_L(java.lang.Object, java.lang.Object, int)'> (0x00000000d666b8c0) 
thrown [s\src\hotspot\share\interpreter\linkResolver.cpp, line 773]
Event: 50.804 Thread 0x00000286fef8fe20 Exception <a 'java/lang/NoSuchMethodError'{0x00000000d6672258}: 'int java.lang.invoke.Invokers$Holder.invokeExact_MT(java.lang.Object, java.lang.Object, java.lang.Object)'> (0x00000000d6672258) 
thrown [s\src\hotspot\share\interpreter\linkResolver.cpp, line 773]
Event: 50.806 Thread 0x00000286fef8fe20 Exception <a 'java/lang/UnsatisfiedLinkError'{0x00000000d67133d8}: The specified procedure could not be found.
> (0x00000000d67133d8) 
thrown [s\src\hotspot\share\prims\jni.cpp, line 539]
Event: 50.825 Thread 0x00000286fef8fe20 Exception <a 'java/lang/NoSuchMethodError'{0x00000000d67201d0}: 'void java.lang.invoke.Invokers$Holder.invokeExact_MT(java.lang.Object, java.lang.Object, int, java.lang.Object)'> (0x00000000d67201d0) 
thrown [s\src\hotspot\share\interpreter\linkResolver.cpp, line 773]

ZGC Phase Switch (0 events):
No events

VM Operations (20 events):
Event: 50.226 Executing non-safepoint VM operation: HandshakeAllThreads (Deoptimize)
Event: 50.226 Executing non-safepoint VM operation: HandshakeAllThreads (Deoptimize) done
Event: 50.289 Executing non-safepoint VM operation: HandshakeAllThreads (Deoptimize)
Event: 50.291 Executing non-safepoint VM operation: HandshakeAllThreads (Deoptimize) done
Event: 50.303 Executing non-safepoint VM operation: HandshakeAllThreads (Deoptimize)
Event: 50.303 Executing non-safepoint VM operation: HandshakeAllThreads (Deoptimize) done
Event: 50.358 Executing non-safepoint VM operation: HandshakeAllThreads (Deoptimize)
Event: 50.361 Executing non-safepoint VM operation: HandshakeAllThreads (Deoptimize) done
Event: 50.405 Executing safepoint VM operation: ParallelGCFailedAllocation (Allocation Failure)
Event: 50.409 Executing safepoint VM operation: ParallelGCFailedAllocation (Allocation Failure) done
Event: 50.433 Executing non-safepoint VM operation: HandshakeAllThreads (Deoptimize)
Event: 50.433 Executing non-safepoint VM operation: HandshakeAllThreads (Deoptimize) done
Event: 50.706 Executing non-safepoint VM operation: HandshakeAllThreads (Deoptimize)
Event: 50.722 Executing non-safepoint VM operation: HandshakeAllThreads (Deoptimize) done
Event: 50.726 Executing non-safepoint VM operation: HandshakeAllThreads (Deoptimize)
Event: 50.727 Executing non-safepoint VM operation: HandshakeAllThreads (Deoptimize) done
Event: 50.881 Executing safepoint VM operation: ParallelGCFailedAllocation (Allocation Failure)
Event: 50.887 Executing safepoint VM operation: ParallelGCFailedAllocation (Allocation Failure) done
Event: 50.968 Executing non-safepoint VM operation: HandshakeAllThreads (Deoptimize)
Event: 50.969 Executing non-safepoint VM operation: HandshakeAllThreads (Deoptimize) done

Memory protections (0 events):
No events

Nmethod flushes (0 events):
No events

Events (20 events):
Event: 35.047 Thread 0x00000286c941b1b0 Thread exited: 0x00000286c941b1b0
Event: 35.776 Thread 0x00000286fef4de20 Thread added: 0x00000286c941b1b0
Event: 36.433 Thread 0x00000286c941b1b0 Thread exited: 0x00000286c941b1b0
Event: 36.436 Thread 0x00000286fef8fe20 Thread added: 0x00000286c941b1b0
Event: 45.751 Thread 0x00000286fef8fe20 Thread added: 0x00000286c9c5c2f0
Event: 46.245 Thread 0x00000286fef4de20 Thread added: 0x00000286c99b1c40
Event: 46.772 Thread 0x00000286fef8fe20 Thread added: 0x00000286c926e680
Event: 47.004 Thread 0x00000286c99b1c40 Thread exited: 0x00000286c99b1c40
Event: 47.174 Thread 0x00000286fef8fe20 Thread added: 0x00000286ca1d3500
Event: 47.219 Thread 0x00000286fef8fe20 Thread added: 0x00000286ca1d1ac0
Event: 47.348 Thread 0x00000286fef4de20 Thread added: 0x00000286c9cbe0e0
Event: 48.805 Thread 0x00000286c9cbe0e0 Thread exited: 0x00000286c9cbe0e0
Event: 49.182 Thread 0x00000286fef4de20 Thread added: 0x00000286ca379eb0
Event: 49.368 Thread 0x00000286ca1d1ac0 Thread added: 0x00000286ca1d27e0
Event: 49.412 Thread 0x00000286fef8fe20 Thread added: 0x00000286ca1d2150
Event: 49.420 Thread 0x00000286ca1d27e0 Thread added: 0x00000286ca1d2e70
Event: 49.990 Thread 0x00000286ca379eb0 Thread exited: 0x00000286ca379eb0
Event: 50.177 Thread 0x00000286fef4de20 Thread added: 0x00000286cb65a020
Event: 50.743 Thread 0x00000286fef8fe20 Thread added: 0x00000286ca1d0080
Event: 50.926 Thread 0x00000286ca1d2e70 Thread added: 0x00000286ca1d0710


Dynamic libraries:
0x00007ff7b1170000 - 0x00007ff7b117e000 	c:\Users\sksha\.antigravity-ide\extensions\redhat.java-1.55.0-win32-x64\jre\21.0.11-win32-x86_64\bin\java.exe
0x00007ffee59e0000 - 0x00007ffee5c47000 	C:\WINDOWS\SYSTEM32\ntdll.dll
0x00007ffee3b20000 - 0x00007ffee3be9000 	C:\WINDOWS\System32\KERNEL32.DLL
0x00007ffee3380000 - 0x00007ffee376f000 	C:\WINDOWS\System32\KERNELBASE.dll
0x00007ffee2bf0000 - 0x00007ffee2d3b000 	C:\WINDOWS\System32\ucrtbase.dll
0x00007ffecffe0000 - 0x00007ffecfff8000 	c:\Users\sksha\.antigravity-ide\extensions\redhat.java-1.55.0-win32-x64\jre\21.0.11-win32-x86_64\bin\jli.dll
0x00007ffee56f0000 - 0x00007ffee58b5000 	C:\WINDOWS\System32\USER32.dll
0x00007ffee3010000 - 0x00007ffee3037000 	C:\WINDOWS\System32\win32u.dll
0x00007ffee5300000 - 0x00007ffee532b000 	C:\WINDOWS\System32\GDI32.dll
0x00007ffee31c0000 - 0x00007ffee32ec000 	C:\WINDOWS\System32\gdi32full.dll
0x00007ffee2f60000 - 0x00007ffee3003000 	C:\WINDOWS\System32\msvcp_win.dll
0x00007ffed94e0000 - 0x00007ffed94fe000 	c:\Users\sksha\.antigravity-ide\extensions\redhat.java-1.55.0-win32-x64\jre\21.0.11-win32-x86_64\bin\VCRUNTIME140.dll
0x00007ffecee30000 - 0x00007ffecf0c3000 	C:\WINDOWS\WinSxS\amd64_microsoft.windows.common-controls_6595b64144ccf1df_6.0.26100.7309_none_3e05feeae336a044\COMCTL32.dll
0x00007ffee3d80000 - 0x00007ffee3e29000 	C:\WINDOWS\System32\msvcrt.dll
0x00007ffee4320000 - 0x00007ffee4351000 	C:\WINDOWS\System32\IMM32.DLL
0x00007ffedd6b0000 - 0x00007ffedd6bc000 	c:\Users\sksha\.antigravity-ide\extensions\redhat.java-1.55.0-win32-x64\jre\21.0.11-win32-x86_64\bin\vcruntime140_1.dll
0x00007ffec3740000 - 0x00007ffec37cd000 	c:\Users\sksha\.antigravity-ide\extensions\redhat.java-1.55.0-win32-x64\jre\21.0.11-win32-x86_64\bin\msvcp140.dll
0x00007ffe6ad40000 - 0x00007ffe6bae2000 	c:\Users\sksha\.antigravity-ide\extensions\redhat.java-1.55.0-win32-x64\jre\21.0.11-win32-x86_64\bin\server\jvm.dll
0x00007ffee3c00000 - 0x00007ffee3cb4000 	C:\WINDOWS\System32\ADVAPI32.dll
0x00007ffee54a0000 - 0x00007ffee5546000 	C:\WINDOWS\System32\sechost.dll
0x00007ffee4fd0000 - 0x00007ffee50e8000 	C:\WINDOWS\System32\RPCRT4.dll
0x00007ffee5670000 - 0x00007ffee56e4000 	C:\WINDOWS\System32\WS2_32.dll
0x00007ffee29b0000 - 0x00007ffee2a0e000 	C:\WINDOWS\SYSTEM32\POWRPROF.dll
0x00007ffecf0e0000 - 0x00007ffecf115000 	C:\WINDOWS\SYSTEM32\WINMM.dll
0x00007ffed40b0000 - 0x00007ffed40bb000 	C:\WINDOWS\SYSTEM32\VERSION.dll
0x00007ffee2990000 - 0x00007ffee29a4000 	C:\WINDOWS\SYSTEM32\UMPDC.dll
0x00007ffee18a0000 - 0x00007ffee18bb000 	C:\WINDOWS\SYSTEM32\kernel.appcore.dll
0x00007ffecffd0000 - 0x00007ffecffda000 	c:\Users\sksha\.antigravity-ide\extensions\redhat.java-1.55.0-win32-x64\jre\21.0.11-win32-x86_64\bin\jimage.dll
0x00007ffee0250000 - 0x00007ffee0492000 	C:\WINDOWS\SYSTEM32\DBGHELP.DLL
0x00007ffee3790000 - 0x00007ffee3b15000 	C:\WINDOWS\System32\combase.dll
0x00007ffee4ac0000 - 0x00007ffee4b96000 	C:\WINDOWS\System32\OLEAUT32.dll
0x00007ffec69d0000 - 0x00007ffec6a0c000 	C:\WINDOWS\SYSTEM32\dbgcore.DLL
0x00007ffee2d40000 - 0x00007ffee2de5000 	C:\WINDOWS\System32\bcryptPrimitives.dll
0x00007ffecfef0000 - 0x00007ffecfeff000 	c:\Users\sksha\.antigravity-ide\extensions\redhat.java-1.55.0-win32-x64\jre\21.0.11-win32-x86_64\bin\instrument.dll
0x00007ffecffb0000 - 0x00007ffecffd0000 	c:\Users\sksha\.antigravity-ide\extensions\redhat.java-1.55.0-win32-x64\jre\21.0.11-win32-x86_64\bin\java.dll
0x00007ffee4360000 - 0x00007ffee4ab3000 	C:\WINDOWS\System32\SHELL32.dll
0x00007ffee2df0000 - 0x00007ffee2f5a000 	C:\WINDOWS\System32\wintypes.dll
0x00007ffee0710000 - 0x00007ffee0f6e000 	C:\WINDOWS\SYSTEM32\windows.storage.dll
0x00007ffee5570000 - 0x00007ffee5665000 	C:\WINDOWS\System32\SHCORE.dll
0x00007ffee4d40000 - 0x00007ffee4da6000 	C:\WINDOWS\System32\shlwapi.dll
0x00007ffee2a50000 - 0x00007ffee2a79000 	C:\WINDOWS\SYSTEM32\profapi.dll
0x00007ffecff90000 - 0x00007ffecffa8000 	c:\Users\sksha\.antigravity-ide\extensions\redhat.java-1.55.0-win32-x64\jre\21.0.11-win32-x86_64\bin\zip.dll
0x00007ffecff80000 - 0x00007ffecff90000 	C:\Users\sksha\.antigravity-ide\extensions\redhat.java-1.55.0-win32-x64\jre\21.0.11-win32-x86_64\bin\net.dll
0x00007ffed58f0000 - 0x00007ffed5a18000 	C:\WINDOWS\SYSTEM32\WINHTTP.dll
0x00007ffee1df0000 - 0x00007ffee1e5b000 	C:\WINDOWS\system32\mswsock.dll
0x00007ffecff60000 - 0x00007ffecff76000 	C:\Users\sksha\.antigravity-ide\extensions\redhat.java-1.55.0-win32-x64\jre\21.0.11-win32-x86_64\bin\nio.dll
0x00007ffecfec0000 - 0x00007ffecfed0000 	c:\Users\sksha\.antigravity-ide\extensions\redhat.java-1.55.0-win32-x64\jre\21.0.11-win32-x86_64\bin\verify.dll
0x00007ffecf650000 - 0x00007ffecf695000 	C:\Users\sksha\AppData\Roaming\Antigravity IDE\User\globalStorage\redhat.java\1.55.0\config_win\org.eclipse.equinox.launcher\org.eclipse.equinox.launcher.win32.win32.x86_64_1.3.100.v20260613-0559\eclipse_11924.dll
0x00007ffee4ba0000 - 0x00007ffee4d37000 	C:\WINDOWS\System32\ole32.dll
0x00007ffecfeb0000 - 0x00007ffecfeba000 	C:\Users\sksha\.antigravity-ide\extensions\redhat.java-1.55.0-win32-x64\jre\21.0.11-win32-x86_64\bin\management.dll
0x00007ffecfea0000 - 0x00007ffecfeac000 	C:\Users\sksha\.antigravity-ide\extensions\redhat.java-1.55.0-win32-x64\jre\21.0.11-win32-x86_64\bin\management_ext.dll
0x00007ffee42c0000 - 0x00007ffee42c8000 	C:\WINDOWS\System32\PSAPI.DLL
0x00007ffee21e0000 - 0x00007ffee21fb000 	C:\WINDOWS\SYSTEM32\CRYPTSP.dll
0x00007ffee1800000 - 0x00007ffee183a000 	C:\WINDOWS\system32\rsaenh.dll
0x00007ffee1ea0000 - 0x00007ffee1ecb000 	C:\WINDOWS\SYSTEM32\USERENV.dll
0x00007ffee2a20000 - 0x00007ffee2a4a000 	C:\WINDOWS\SYSTEM32\bcrypt.dll
0x00007ffee2040000 - 0x00007ffee204c000 	C:\WINDOWS\SYSTEM32\CRYPTBASE.dll
0x00007ffee1290000 - 0x00007ffee12c4000 	C:\WINDOWS\SYSTEM32\IPHLPAPI.DLL
0x00007ffee4fc0000 - 0x00007ffee4fca000 	C:\WINDOWS\System32\NSI.dll
0x00007ffeb9490000 - 0x00007ffeb94d9000 	C:\Users\sksha\AppData\Local\Temp\jna-109506388\jna4002492961136465304.dll
0x00007ffed5790000 - 0x00007ffed57ae000 	C:\WINDOWS\SYSTEM32\dhcpcsvc6.DLL
0x00007ffed55e0000 - 0x00007ffed5603000 	C:\WINDOWS\SYSTEM32\dhcpcsvc.DLL
0x00007ffedd600000 - 0x00007ffedd60e000 	C:\Users\sksha\.antigravity-ide\extensions\redhat.java-1.55.0-win32-x64\jre\21.0.11-win32-x86_64\bin\sunmscapi.dll
0x00007ffee3040000 - 0x00007ffee31b7000 	C:\WINDOWS\System32\CRYPT32.dll
0x00007ffee2330000 - 0x00007ffee2360000 	C:\WINDOWS\SYSTEM32\ncrypt.dll
0x00007ffee22e0000 - 0x00007ffee231f000 	C:\WINDOWS\SYSTEM32\NTASN1.dll

JVMTI agents:
c:\Users\sksha\.antigravity-ide\extensions\redhat.java-1.55.0-win32-x64\lombok\lombok-1.18.39-4050.jar path:c:\Users\sksha\.antigravity-ide\extensions\redhat.java-1.55.0-win32-x64\jre\21.0.11-win32-x86_64\bin\instrument.dll, loaded, initialized, instrumentlib options:none

dbghelp: loaded successfully - version: 4.0.5 - missing functions: none
symbol engine: initialized successfully - sym options: 0x614 - pdb path: .;c:\Users\sksha\.antigravity-ide\extensions\redhat.java-1.55.0-win32-x64\jre\21.0.11-win32-x86_64\bin;C:\WINDOWS\SYSTEM32;C:\WINDOWS\WinSxS\amd64_microsoft.windows.common-controls_6595b64144ccf1df_6.0.26100.7309_none_3e05feeae336a044;c:\Users\sksha\.antigravity-ide\extensions\redhat.java-1.55.0-win32-x64\jre\21.0.11-win32-x86_64\bin\server;C:\Users\sksha\AppData\Roaming\Antigravity IDE\User\globalStorage\redhat.java\1.55.0\config_win\org.eclipse.equinox.launcher\org.eclipse.equinox.launcher.win32.win32.x86_64_1.3.100.v20260613-0559;C:\Users\sksha\AppData\Local\Temp\jna-109506388

VM Arguments:
jvm_args: --add-modules=ALL-SYSTEM --add-opens=java.base/java.util=ALL-UNNAMED --add-opens=java.base/java.lang=ALL-UNNAMED --add-opens=java.base/sun.nio.fs=ALL-UNNAMED -Declipse.application=org.eclipse.jdt.ls.core.id1 -Dosgi.bundles.defaultStartLevel=4 -Declipse.product=org.eclipse.jdt.ls.core.product -Djava.import.generatesMetadataFilesAtProjectRoot=false -DDetectVMInstallationsJob.disabled=true -Dfile.encoding=utf8 -XX:+UseParallelGC -XX:GCTimeRatio=4 -XX:AdaptiveSizePolicyWeight=90 -Dsun.zip.disableMemoryMapping=true -Xmx2G -Xms100m -Xlog:disable -javaagent:c:\Users\sksha\.antigravity-ide\extensions\redhat.java-1.55.0-win32-x64\lombok\lombok-1.18.39-4050.jar -XX:+HeapDumpOnOutOfMemoryError -XX:HeapDumpPath=c:\Users\sksha\AppData\Roaming\Antigravity IDE\User\workspaceStorage\9d70f369d7fa704f1e0b6dd719013e07\redhat.java -Daether.dependencyCollector.impl=bf 
java_command: c:\Users\sksha\.antigravity-ide\extensions\redhat.java-1.55.0-win32-x64\server\plugins\org.eclipse.equinox.launcher_1.7.200.v20260619-2039.jar -configuration c:\Users\sksha\AppData\Roaming\Antigravity IDE\User\globalStorage\redhat.java\1.55.0\config_win -data c:\Users\sksha\AppData\Roaming\Antigravity IDE\User\workspaceStorage\9d70f369d7fa704f1e0b6dd719013e07\redhat.java\jdt_ws --pipe=\\.\pipe\lsp-e9ecbceaab569c4ec8b4ab5c8772c01c-sock
java_class_path (initial): c:\Users\sksha\.antigravity-ide\extensions\redhat.java-1.55.0-win32-x64\server\plugins\org.eclipse.equinox.launcher_1.7.200.v20260619-2039.jar
Launcher Type: SUN_STANDARD

[Global flags]
    uintx AdaptiveSizePolicyWeight                 = 90                                        {product} {command line}
     intx CICompilerCount                          = 3                                         {product} {ergonomic}
    uintx GCTimeRatio                              = 4                                         {product} {command line}
     bool HeapDumpOnOutOfMemoryError               = true                                   {manageable} {command line}
    ccstr HeapDumpPath                             = c:\Users\sksha\AppData\Roaming\Antigravity IDE\User\workspaceStorage\9d70f369d7fa704f1e0b6dd719013e07\redhat.java         {manageable} {command line}
   size_t InitialHeapSize                          = 104857600                                 {product} {command line}
   size_t MaxHeapSize                              = 2147483648                                {product} {command line}
   size_t MaxNewSize                               = 715653120                                 {product} {ergonomic}
   size_t MinHeapDeltaBytes                        = 524288                                    {product} {ergonomic}
   size_t MinHeapSize                              = 104857600                                 {product} {command line}
   size_t NewSize                                  = 34603008                                  {product} {ergonomic}
    uintx NonNMethodCodeHeapSize                   = 5832780                                {pd product} {ergonomic}
    uintx NonProfiledCodeHeapSize                  = 122912730                              {pd product} {ergonomic}
   size_t OldSize                                  = 70254592                                  {product} {ergonomic}
    uintx ProfiledCodeHeapSize                     = 122912730                              {pd product} {ergonomic}
    uintx ReservedCodeCacheSize                    = 251658240                              {pd product} {ergonomic}
     bool SegmentedCodeCache                       = true                                      {product} {ergonomic}
   size_t SoftMaxHeapSize                          = 2147483648                             {manageable} {ergonomic}
     bool UseCompressedOops                        = true                           {product lp64_product} {ergonomic}
     bool UseLargePagesIndividualAllocation        = false                                  {pd product} {ergonomic}
     bool UseParallelGC                            = true                                      {product} {command line}

Logging:
Log output configuration:
 #0: stdout all=off uptime,level,tags foldmultilines=false
 #1: stderr all=off uptime,level,tags foldmultilines=false

Release file:
JAVA_VERSION="21.0.11" 
MODULES="java.base java.compiler java.datatransfer java.xml java.prefs java.desktop java.instrument java.logging java.management java.security.sasl java.naming java.rmi java.management.rmi java.net.http java.scripting java.security.jgss java.transaction.xa java.sql java.sql.rowset java.xml.crypto java.se java.smartcardio jdk.accessibility jdk.internal.jvmstat jdk.attach jdk.charsets jdk.internal.opt jdk.zipfs jdk.compiler jdk.crypto.ec jdk.crypto.cryptoki jdk.crypto.mscapi jdk.dynalink jdk.internal.ed jdk.editpad jdk.hotspot.agent jdk.httpserver jdk.internal.le jdk.internal.vm.ci jdk.internal.vm.compiler jdk.internal.vm.compiler.management jdk.jartool jdk.javadoc jdk.jcmd jdk.management jdk.management.agent jdk.jconsole jdk.jdeps jdk.jdwp.agent jdk.jdi jdk.jfr jdk.jshell jdk.jsobject jdk.jstatd jdk.localedata jdk.management.jfr jdk.naming.dns jdk.naming.rmi jdk.net jdk.nio.mapmode jdk.random jdk.sctp jdk.security.auth jdk.security.jgss jdk.unsupported jdk.unsupported.desktop jdk.xml.dom" 

Environment Variables:
JAVA_HOME=C:\Program Files\Java\jdk1.7.0_75\bin
CLASSPATH=C:\mysql-connector-j-8.0.33.jar
PATH=C:\Program Files\Python314\Scripts\;C:\Program Files\Python314\;C:\Python313\Scripts\;C:\Python313\;C:\Program Files\Common Files\Oracle\Java\javapath;C:\Program Files (x86)\Common Files\Oracle\Java\java8path;C:\Program Files (x86)\Common Files\Oracle\Java\javapath;C:\oraclexe\app\oracle\product\10.2.0\server\bin;C:\WINDOWS\system32;C:\WINDOWS;C:\WINDOWS\System32\Wbem;C:\WINDOWS\System32\WindowsPowerShell\v1.0\;C:\WINDOWS\System32\OpenSSH\;%JAVA-PATH%;C:\Program Files (x86)\MySQL\MySQL Server 5.0\bin;C:\Program Files\Java\jdk1.7.0_75\bin;C:\Program Files\nodejs\;C:\ProgramData\chocolatey\bin;C:\Program Files\Git\cmd;C:\Program Files\MongoDB\Server\8.0\bin;C:\Program Files\MySQL\MySQL Server 8.0\bin;C:\ProgramData\Microsoft\Windows\Start Menu\Programs\Node.js;C:\Program Files (x86)\Microsoft SQL Server\160\Tools\Binn\;C:\Program Files\Microsoft SQL Server\160\Tools\Binn\;C:\Program Files\Microsoft SQL Server\Client SDK\ODBC\170\Tools\Binn\;C:\Program Files\Microsoft SQL Server\160\DTS\Binn\;C:\Program Files\dotnet\;C:\Program Files\Microsoft SQL Server\130\Tools\Binn\;C:\WINDOWS\system32\config\systemprofile\.dnx\bin;C:\Program Files\Microsoft DNX\Dnvm\;C:\Program Files\MySQL\MySQL Shell 8.0\bin\;C:\Users\sksha\AppData\Local\Microsoft\WindowsApps;C:\Program Files\Java\jdk1.7.0_75\bin;C:\Users\sksha\AppData\Roaming\npm;C:\mysql-connector-j-8.0.33.jar;C:\Users\sksha\AppData\Local\Programs\Microsoft VS Code\bin;C:\Users\sksha\AppData\Local\Programs\Antigravity IDE\bin
USERNAME=sksha
OS=Windows_NT
PROCESSOR_IDENTIFIER=Intel64 Family 6 Model 142 Stepping 11, GenuineIntel
TMP=C:\Users\sksha\AppData\Local\Temp
TEMP=C:\Users\sksha\AppData\Local\Temp




Periodic native trim disabled

---------------  S Y S T E M  ---------------

OS:
 Windows 11 , 64 bit Build 26100 (10.0.26100.7309)
OS uptime: 0 days 1:41 hours
Hyper-V role detected

CPU: total 4 (initial active 4) (2 cores per cpu, 2 threads per core) family 6 model 142 stepping 11 microcode 0xec, cx8, cmov, fxsr, ht, mmx, 3dnowpref, sse, sse2, sse3, ssse3, sse4.1, sse4.2, popcnt, lzcnt, tsc, tscinvbit, avx, avx2, aes, erms, clmul, bmi1, bmi2, adx, fma, vzeroupper, clflush, clflushopt, hv, rdtscp, f16c
Processor Information for processor 0
  Max Mhz: 2304, Current Mhz: 2103, Mhz Limit: 2096
Processor Information for processor 1
  Max Mhz: 2304, Current Mhz: 2103, Mhz Limit: 2096
Processor Information for processor 2
  Max Mhz: 2304, Current Mhz: 1502, Mhz Limit: 2096
Processor Information for processor 3
  Max Mhz: 2304, Current Mhz: 2103, Mhz Limit: 2096

Memory: 4k page, system-wide physical 8044M (923M free)
TotalPageFile size 13907M (AvailPageFile size 20M)
current process WorkingSet (physical memory assigned to process): 185M, peak: 185M
current process commit charge ("private bytes"): 296M, peak: 296M

vm_info: OpenJDK 64-Bit Server VM (21.0.11+10-LTS) for windows-amd64 JRE (21.0.11+10-LTS), built on 2026-04-21T00:00:00Z by "admin" with MS VC++ 17.12 (VS2022)

END.
